src/core/components/AgregarPrestacionDrawer.tsx(12,33): error TS2307: Cannot find module '../contexts/PrestacionesContext' or its corresponding type declarations.
src/core/components/AgregarPrestacionDrawer.tsx(705,26): error TS2322: Type '{ message: string; }' is not assignable to type 'IntrinsicAttributes & HTMLAttributes<HTMLDivElement> & VariantProps<(props?: ConfigVariants<{ variant: { default: string; destructive: string; success: string; warning: string; }; }> & ClassProp) => string> & RefAttributes<...>'.
  Property 'message' does not exist on type 'IntrinsicAttributes & HTMLAttributes<HTMLDivElement> & VariantProps<(props?: ConfigVariants<{ variant: { default: string; destructive: string; success: string; warning: string; }; }> & ClassProp) => string> & RefAttributes<...>'.
src/core/components/Autocomplete.tsx(184,17): error TS2322: Type '(el: HTMLLIElement) => HTMLLIElement' is not assignable to type 'Ref<HTMLLIElement>'.
  Type '(el: HTMLLIElement) => HTMLLIElement' is not assignable to type '(instance: HTMLLIElement) => void | (() => VoidOrUndefinedOnly)'.
    Type 'HTMLLIElement' is not assignable to type 'void | (() => VoidOrUndefinedOnly)'.
src/core/components/CancelarPrestacionDrawer.tsx(5,33): error TS2307: Cannot find module '../contexts/PrestacionesContext' or its corresponding type declarations.
src/core/components/CancelarPrestacionDrawer.tsx(91,26): error TS2322: Type '{ message: string; }' is not assignable to type 'IntrinsicAttributes & HTMLAttributes<HTMLDivElement> & VariantProps<(props?: ConfigVariants<{ variant: { default: string; destructive: string; success: string; warning: string; }; }> & ClassProp) => string> & RefAttributes<...>'.
  Property 'message' does not exist on type 'IntrinsicAttributes & HTMLAttributes<HTMLDivElement> & VariantProps<(props?: ConfigVariants<{ variant: { default: string; destructive: string; success: string; warning: string; }; }> & ClassProp) => string> & RefAttributes<...>'.
src/core/components/CargarInformeDrawer.tsx(5,33): error TS2307: Cannot find module '../contexts/PrestacionesContext' or its corresponding type declarations.
src/core/components/CargarInformeDrawer.tsx(122,26): error TS2322: Type '{ message: string; }' is not assignable to type 'IntrinsicAttributes & HTMLAttributes<HTMLDivElement> & VariantProps<(props?: ConfigVariants<{ variant: { default: string; destructive: string; success: string; warning: string; }; }> & ClassProp) => string> & RefAttributes<...>'.
  Property 'message' does not exist on type 'IntrinsicAttributes & HTMLAttributes<HTMLDivElement> & VariantProps<(props?: ConfigVariants<{ variant: { default: string; destructive: string; success: string; warning: string; }; }> & ClassProp) => string> & RefAttributes<...>'.
src/core/components/ConfirmarAsistenciaModal.tsx(75,20): error TS2322: Type '{ message: string; }' is not assignable to type 'IntrinsicAttributes & HTMLAttributes<HTMLDivElement> & VariantProps<(props?: ConfigVariants<{ variant: { default: string; destructive: string; success: string; warning: string; }; }> & ClassProp) => string> & RefAttributes<...>'.
  Property 'message' does not exist on type 'IntrinsicAttributes & HTMLAttributes<HTMLDivElement> & VariantProps<(props?: ConfigVariants<{ variant: { default: string; destructive: string; success: string; warning: string; }; }> & ClassProp) => string> & RefAttributes<...>'.
src/core/components/DataTable.tsx(12,20): error TS2307: Cannot find module '@/lib/utils' or its corresponding type declarations.
src/core/components/EditarTurnoDrawer.tsx(6,33): error TS2307: Cannot find module '../contexts/PrestacionesContext' or its corresponding type declarations.
src/core/components/EditarTurnoDrawer.tsx(112,26): error TS2322: Type '{ message: string; }' is not assignable to type 'IntrinsicAttributes & HTMLAttributes<HTMLDivElement> & VariantProps<(props?: ConfigVariants<{ variant: { default: string; destructive: string; success: string; warning: string; }; }> & ClassProp) => string> & RefAttributes<...>'.
  Property 'message' does not exist on type 'IntrinsicAttributes & HTMLAttributes<HTMLDivElement> & VariantProps<(props?: ConfigVariants<{ variant: { default: string; destructive: string; success: string; warning: string; }; }> & ClassProp) => string> & RefAttributes<...>'.
src/core/components/GenerarTurnoDrawer.tsx(7,33): error TS2307: Cannot find module '../contexts/PrestacionesContext' or its corresponding type declarations.
src/core/components/GenerarTurnoDrawer.tsx(148,26): error TS2322: Type '{ message: string; }' is not assignable to type 'IntrinsicAttributes & HTMLAttributes<HTMLDivElement> & VariantProps<(props?: ConfigVariants<{ variant: { default: string; destructive: string; success: string; warning: string; }; }> & ClassProp) => string> & RefAttributes<...>'.
  Property 'message' does not exist on type 'IntrinsicAttributes & HTMLAttributes<HTMLDivElement> & VariantProps<(props?: ConfigVariants<{ variant: { default: string; destructive: string; success: string; warning: string; }; }> & ClassProp) => string> & RefAttributes<...>'.
src/core/components/PrestacionDetalleDrawer.tsx(5,33): error TS2307: Cannot find module '../contexts/PrestacionesContext' or its corresponding type declarations.
src/core/components/ReprogramarTurnoDrawer.tsx(6,33): error TS2307: Cannot find module '../contexts/PrestacionesContext' or its corresponding type declarations.
src/core/components/ReprogramarTurnoDrawer.tsx(98,26): error TS2322: Type '{ message: string; }' is not assignable to type 'IntrinsicAttributes & HTMLAttributes<HTMLDivElement> & VariantProps<(props?: ConfigVariants<{ variant: { default: string; destructive: string; success: string; warning: string; }; }> & ClassProp) => string> & RefAttributes<...>'.
  Property 'message' does not exist on type 'IntrinsicAttributes & HTMLAttributes<HTMLDivElement> & VariantProps<(props?: ConfigVariants<{ variant: { default: string; destructive: string; success: string; warning: string; }; }> & ClassProp) => string> & RefAttributes<...>'.
src/core/components/StatusChip.tsx(2,20): error TS2307: Cannot find module '@/lib/utils' or its corresponding type declarations.
src/core/hooks/useCrearPreliquidacion.ts(2,33): error TS2307: Cannot find module '../contexts/PrestacionesContext' or its corresponding type declarations.
src/core/hooks/useGestionPrestaciones.ts(3,33): error TS2307: Cannot find module '../contexts/PrestacionesContext' or its corresponding type declarations.
src/stories/0-Tokens/Colors.stories.tsx(4,79): error TS2307: Cannot find module '../../components/ui/table' or its corresponding type declarations.
src/stories/0-Tokens/Typography.stories.tsx(4,27): error TS2307: Cannot find module '../../components/ui/separator' or its corresponding type declarations.
src/stories/1-atoms/Button.stories.tsx(2,24): error TS2307: Cannot find module '../../components/ui/button' or its corresponding type declarations.
src/stories/1-atoms/IconButton.stories.tsx(2,28): error TS2307: Cannot find module '../../components/ui/icon-button' or its corresponding type declarations.
src/stories/2-molecules/Alert.stories.tsx(2,53): error TS2307: Cannot find module '../../components/Alert' or its corresponding type declarations.
src/stories/2-molecules/Autocomplete.stories.tsx(3,26): error TS2307: Cannot find module '../../components/Autocomplete' or its corresponding type declarations.
src/stories/2-molecules/Input.stories.tsx(2,23): error TS2307: Cannot find module '../../components/Input' or its corresponding type declarations.
src/stories/2-molecules/Select.stories.tsx(3,20): error TS2307: Cannot find module '@/components/ui/select' or its corresponding type declarations.
src/stories/2-molecules/StatusChip.stories.tsx(2,36): error TS2307: Cannot find module '../../components/StatusChip' or its corresponding type declarations.
src/stories/2-molecules/Toast.stories.tsx(2,35): error TS2307: Cannot find module '../../components/Toast' or its corresponding type declarations.
src/stories/3-organisms/Header.stories.tsx(2,24): error TS2307: Cannot find module '../../components/Header' or its corresponding type declarations.
src/stories/3-organisms/Sidebar.stories.tsx(2,28): error TS2307: Cannot find module '../../components/AppSidebar' or its corresponding type declarations.
src/stories/3-organisms/Sidebar.stories.tsx(3,33): error TS2307: Cannot find module '../../components/ui/sidebar' or its corresponding type declarations.
src/stories/3-organisms/Table.stories.tsx(2,38): error TS2307: Cannot find module '../../components/DataTable' or its corresponding type declarations.
src/stories/3-organisms/Table.stories.tsx(3,36): error TS2307: Cannot find module '../../components/StatusChip' or its corresponding type declarations.
src/stories/3-organisms/Table.stories.tsx(5,37): error TS2307: Cannot find module '../../utils/prestaciones-helpers' or its corresponding type declarations.
src/stories/3-organisms/Table.stories.tsx(6,44): error TS2307: Cannot find module '../../utils/prestaciones-helpers' or its corresponding type declarations.
src/views/sas/Dashboard.tsx(2,75): error TS2307: Cannot find module '@/components/ui/card' or its corresponding type declarations.
src/views/sas/Dashboard.tsx(3,24): error TS2307: Cannot find module '@/components/ui/button' or its corresponding type declarations.
src/views/sas/Incidencias.tsx(2,75): error TS2307: Cannot find module '@/components/ui/card' or its corresponding type declarations.
src/views/sas/Incidencias.tsx(3,24): error TS2307: Cannot find module '@/components/ui/button' or its corresponding type declarations.
